// Jest Snapshot v1, https://goo.gl/fbAQLP

exports[`check if WorkoutItem receives the right values 1`] = `
<WorkoutItem
  workout={
    Object {
      "activityId": 2,
      "date": "2019-01-01",
      "duration": "10:10",
      "id": "1",
    }
  }
>
  <tr
    className="table__content-row"
  >
    <td
      className="table__content-column"
    >
       
      10:10
    </td>
    <td
      className="table__content-column"
    >
       
    </td>
    <td
      className="table__content-column"
    >
       
      01/01/2019
    </td>
    <td
      className="table__content-column"
    >
       
      <button
        className="table__btn"
        onClick={[Function]}
        title="Remove item"
      >
        <FontAwesomeIcon
          border={false}
          className=""
          fixedWidth={false}
          flip={null}
          icon={
            Object {
              "icon": Array [
                352,
                512,
                Array [],
                "f00d",
                "M242.72 256l100.07-100.07c12.28-12.28 12.28-32.19 0-44.48l-22.24-22.24c-12.28-12.28-32.19-12.28-44.48 0L176 189.28 75.93 89.21c-12.28-12.28-32.19-12.28-44.48 0L9.21 111.45c-12.28 12.28-12.28 32.19 0 44.48L109.28 256 9.21 356.07c-12.28 12.28-12.28 32.19 0 44.48l22.24 22.24c12.28 12.28 32.2 12.28 44.48 0L176 322.72l100.07 100.07c12.28 12.28 32.2 12.28 44.48 0l22.24-22.24c12.28-12.28 12.28-32.19 0-44.48L242.72 256z",
              ],
              "iconName": "times",
              "prefix": "fas",
            }
          }
          inverse={false}
          listItem={false}
          mask={null}
          pull={null}
          pulse={false}
          rotation={null}
          size={null}
          spin={false}
          symbol={false}
          title=""
          transform={null}
        >
          <svg
            aria-hidden="true"
            className="svg-inline--fa fa-times fa-w-11 "
            data-icon="times"
            data-prefix="fas"
            focusable="false"
            role="img"
            style={Object {}}
            viewBox="0 0 352 512"
            xmlns="http://www.w3.org/2000/svg"
          >
            <path
              d="M242.72 256l100.07-100.07c12.28-12.28 12.28-32.19 0-44.48l-22.24-22.24c-12.28-12.28-32.19-12.28-44.48 0L176 189.28 75.93 89.21c-12.28-12.28-32.19-12.28-44.48 0L9.21 111.45c-12.28 12.28-12.28 32.19 0 44.48L109.28 256 9.21 356.07c-12.28 12.28-12.28 32.19 0 44.48l22.24 22.24c12.28 12.28 32.2 12.28 44.48 0L176 322.72l100.07 100.07c12.28 12.28 32.2 12.28 44.48 0l22.24-22.24c12.28-12.28 12.28-32.19 0-44.48L242.72 256z"
              fill="currentColor"
              style={Object {}}
            />
          </svg>
        </FontAwesomeIcon>
      </button>
    </td>
  </tr>
</WorkoutItem>
`;
