// Jest Snapshot v1, https://goo.gl/fbAQLP

exports[`check if WorkoutItem receives the right values 1`] = `
<WorkoutsInfo
  activities={
    Array [
      Object {
        "id": "1",
        "name": "Bike",
      },
      Object {
        "id": "2",
        "name": "Jog",
      },
      Object {
        "id": "3",
        "name": "Run",
      },
      Object {
        "id": "4",
        "name": "Swim",
      },
    ]
  }
  workouts={
    Array [
      Object {
        "activityId": 2,
        "date": "2019-01-01",
        "duration": "10:10",
        "id": "1",
      },
      Object {
        "activityId": 4,
        "date": "2019-02-01",
        "duration": "11:10",
        "id": "2",
      },
      Object {
        "activityId": 2,
        "date": "2019-04-01",
        "duration": "10:13",
        "id": "3",
      },
    ]
  }
>
  <div
    className="container"
  >
    <div
      className="table__container"
    >
      <table
        className="table"
      >
        <tbody>
          <tr
            className="table__head-row"
          >
            <th
              className="table__head-column"
              onClick={[Function]}
            >
              Duration 
              <FontAwesomeIcon
                border={false}
                className=""
                fixedWidth={false}
                flip={null}
                icon={
                  Object {
                    "icon": Array [
                      320,
                      512,
                      Array [],
                      "f0de",
                      "M279 224H41c-21.4 0-32.1-25.9-17-41L143 64c9.4-9.4 24.6-9.4 33.9 0l119 119c15.2 15.1 4.5 41-16.9 41z",
                    ],
                    "iconName": "sort-up",
                    "prefix": "fas",
                  }
                }
                inverse={false}
                listItem={false}
                mask={null}
                pull={null}
                pulse={false}
                rotation={null}
                size={null}
                spin={false}
                symbol={false}
                title=""
                transform={null}
              >
                <svg
                  aria-hidden="true"
                  className="svg-inline--fa fa-sort-up fa-w-10 "
                  data-icon="sort-up"
                  data-prefix="fas"
                  focusable="false"
                  role="img"
                  style={Object {}}
                  viewBox="0 0 320 512"
                  xmlns="http://www.w3.org/2000/svg"
                >
                  <path
                    d="M279 224H41c-21.4 0-32.1-25.9-17-41L143 64c9.4-9.4 24.6-9.4 33.9 0l119 119c15.2 15.1 4.5 41-16.9 41z"
                    fill="currentColor"
                    style={Object {}}
                  />
                </svg>
              </FontAwesomeIcon>
            </th>
            <th
              className="table__head-column"
              onClick={[Function]}
            >
              Activity 
              <FontAwesomeIcon
                border={false}
                className=""
                fixedWidth={false}
                flip={null}
                icon={
                  Object {
                    "icon": Array [
                      320,
                      512,
                      Array [],
                      "f0de",
                      "M279 224H41c-21.4 0-32.1-25.9-17-41L143 64c9.4-9.4 24.6-9.4 33.9 0l119 119c15.2 15.1 4.5 41-16.9 41z",
                    ],
                    "iconName": "sort-up",
                    "prefix": "fas",
                  }
                }
                inverse={false}
                listItem={false}
                mask={null}
                pull={null}
                pulse={false}
                rotation={null}
                size={null}
                spin={false}
                symbol={false}
                title=""
                transform={null}
              >
                <svg
                  aria-hidden="true"
                  className="svg-inline--fa fa-sort-up fa-w-10 "
                  data-icon="sort-up"
                  data-prefix="fas"
                  focusable="false"
                  role="img"
                  style={Object {}}
                  viewBox="0 0 320 512"
                  xmlns="http://www.w3.org/2000/svg"
                >
                  <path
                    d="M279 224H41c-21.4 0-32.1-25.9-17-41L143 64c9.4-9.4 24.6-9.4 33.9 0l119 119c15.2 15.1 4.5 41-16.9 41z"
                    fill="currentColor"
                    style={Object {}}
                  />
                </svg>
              </FontAwesomeIcon>
            </th>
            <th
              className="table__head-column"
              onClick={[Function]}
            >
              Date 
              <FontAwesomeIcon
                border={false}
                className=""
                fixedWidth={false}
                flip={null}
                icon={
                  Object {
                    "icon": Array [
                      320,
                      512,
                      Array [],
                      "f0de",
                      "M279 224H41c-21.4 0-32.1-25.9-17-41L143 64c9.4-9.4 24.6-9.4 33.9 0l119 119c15.2 15.1 4.5 41-16.9 41z",
                    ],
                    "iconName": "sort-up",
                    "prefix": "fas",
                  }
                }
                inverse={false}
                listItem={false}
                mask={null}
                pull={null}
                pulse={false}
                rotation={null}
                size={null}
                spin={false}
                symbol={false}
                title=""
                transform={null}
              >
                <svg
                  aria-hidden="true"
                  className="svg-inline--fa fa-sort-up fa-w-10 "
                  data-icon="sort-up"
                  data-prefix="fas"
                  focusable="false"
                  role="img"
                  style={Object {}}
                  viewBox="0 0 320 512"
                  xmlns="http://www.w3.org/2000/svg"
                >
                  <path
                    d="M279 224H41c-21.4 0-32.1-25.9-17-41L143 64c9.4-9.4 24.6-9.4 33.9 0l119 119c15.2 15.1 4.5 41-16.9 41z"
                    fill="currentColor"
                    style={Object {}}
                  />
                </svg>
              </FontAwesomeIcon>
            </th>
            <th
              className="table__head-column"
            >
              Remove
            </th>
          </tr>
          <WorkoutItem
            activity="Jog"
            key="1"
            workout={
              Object {
                "activityId": 2,
                "date": "2019-01-01",
                "duration": "10:10",
                "id": "1",
              }
            }
          >
            <tr
              className="table__content-row"
            >
              <td
                className="table__content-column"
              >
                 
                10:10
              </td>
              <td
                className="table__content-column"
              >
                 
                Jog
              </td>
              <td
                className="table__content-column"
              >
                 
                01/01/2019
              </td>
              <td
                className="table__content-column"
              >
                 
                <button
                  className="table__btn"
                  onClick={[Function]}
                  title="Remove item"
                >
                  <FontAwesomeIcon
                    border={false}
                    className=""
                    fixedWidth={false}
                    flip={null}
                    icon={
                      Object {
                        "icon": Array [
                          352,
                          512,
                          Array [],
                          "f00d",
                          "M242.72 256l100.07-100.07c12.28-12.28 12.28-32.19 0-44.48l-22.24-22.24c-12.28-12.28-32.19-12.28-44.48 0L176 189.28 75.93 89.21c-12.28-12.28-32.19-12.28-44.48 0L9.21 111.45c-12.28 12.28-12.28 32.19 0 44.48L109.28 256 9.21 356.07c-12.28 12.28-12.28 32.19 0 44.48l22.24 22.24c12.28 12.28 32.2 12.28 44.48 0L176 322.72l100.07 100.07c12.28 12.28 32.2 12.28 44.48 0l22.24-22.24c12.28-12.28 12.28-32.19 0-44.48L242.72 256z",
                        ],
                        "iconName": "times",
                        "prefix": "fas",
                      }
                    }
                    inverse={false}
                    listItem={false}
                    mask={null}
                    pull={null}
                    pulse={false}
                    rotation={null}
                    size={null}
                    spin={false}
                    symbol={false}
                    title=""
                    transform={null}
                  >
                    <svg
                      aria-hidden="true"
                      className="svg-inline--fa fa-times fa-w-11 "
                      data-icon="times"
                      data-prefix="fas"
                      focusable="false"
                      role="img"
                      style={Object {}}
                      viewBox="0 0 352 512"
                      xmlns="http://www.w3.org/2000/svg"
                    >
                      <path
                        d="M242.72 256l100.07-100.07c12.28-12.28 12.28-32.19 0-44.48l-22.24-22.24c-12.28-12.28-32.19-12.28-44.48 0L176 189.28 75.93 89.21c-12.28-12.28-32.19-12.28-44.48 0L9.21 111.45c-12.28 12.28-12.28 32.19 0 44.48L109.28 256 9.21 356.07c-12.28 12.28-12.28 32.19 0 44.48l22.24 22.24c12.28 12.28 32.2 12.28 44.48 0L176 322.72l100.07 100.07c12.28 12.28 32.2 12.28 44.48 0l22.24-22.24c12.28-12.28 12.28-32.19 0-44.48L242.72 256z"
                        fill="currentColor"
                        style={Object {}}
                      />
                    </svg>
                  </FontAwesomeIcon>
                </button>
              </td>
            </tr>
          </WorkoutItem>
          <WorkoutItem
            activity="Swim"
            key="2"
            workout={
              Object {
                "activityId": 4,
                "date": "2019-02-01",
                "duration": "11:10",
                "id": "2",
              }
            }
          >
            <tr
              className="table__content-row"
            >
              <td
                className="table__content-column"
              >
                 
                11:10
              </td>
              <td
                className="table__content-column"
              >
                 
                Swim
              </td>
              <td
                className="table__content-column"
              >
                 
                01/02/2019
              </td>
              <td
                className="table__content-column"
              >
                 
                <button
                  className="table__btn"
                  onClick={[Function]}
                  title="Remove item"
                >
                  <FontAwesomeIcon
                    border={false}
                    className=""
                    fixedWidth={false}
                    flip={null}
                    icon={
                      Object {
                        "icon": Array [
                          352,
                          512,
                          Array [],
                          "f00d",
                          "M242.72 256l100.07-100.07c12.28-12.28 12.28-32.19 0-44.48l-22.24-22.24c-12.28-12.28-32.19-12.28-44.48 0L176 189.28 75.93 89.21c-12.28-12.28-32.19-12.28-44.48 0L9.21 111.45c-12.28 12.28-12.28 32.19 0 44.48L109.28 256 9.21 356.07c-12.28 12.28-12.28 32.19 0 44.48l22.24 22.24c12.28 12.28 32.2 12.28 44.48 0L176 322.72l100.07 100.07c12.28 12.28 32.2 12.28 44.48 0l22.24-22.24c12.28-12.28 12.28-32.19 0-44.48L242.72 256z",
                        ],
                        "iconName": "times",
                        "prefix": "fas",
                      }
                    }
                    inverse={false}
                    listItem={false}
                    mask={null}
                    pull={null}
                    pulse={false}
                    rotation={null}
                    size={null}
                    spin={false}
                    symbol={false}
                    title=""
                    transform={null}
                  >
                    <svg
                      aria-hidden="true"
                      className="svg-inline--fa fa-times fa-w-11 "
                      data-icon="times"
                      data-prefix="fas"
                      focusable="false"
                      role="img"
                      style={Object {}}
                      viewBox="0 0 352 512"
                      xmlns="http://www.w3.org/2000/svg"
                    >
                      <path
                        d="M242.72 256l100.07-100.07c12.28-12.28 12.28-32.19 0-44.48l-22.24-22.24c-12.28-12.28-32.19-12.28-44.48 0L176 189.28 75.93 89.21c-12.28-12.28-32.19-12.28-44.48 0L9.21 111.45c-12.28 12.28-12.28 32.19 0 44.48L109.28 256 9.21 356.07c-12.28 12.28-12.28 32.19 0 44.48l22.24 22.24c12.28 12.28 32.2 12.28 44.48 0L176 322.72l100.07 100.07c12.28 12.28 32.2 12.28 44.48 0l22.24-22.24c12.28-12.28 12.28-32.19 0-44.48L242.72 256z"
                        fill="currentColor"
                        style={Object {}}
                      />
                    </svg>
                  </FontAwesomeIcon>
                </button>
              </td>
            </tr>
          </WorkoutItem>
          <WorkoutItem
            activity="Jog"
            key="3"
            workout={
              Object {
                "activityId": 2,
                "date": "2019-04-01",
                "duration": "10:13",
                "id": "3",
              }
            }
          >
            <tr
              className="table__content-row"
            >
              <td
                className="table__content-column"
              >
                 
                10:13
              </td>
              <td
                className="table__content-column"
              >
                 
                Jog
              </td>
              <td
                className="table__content-column"
              >
                 
                01/04/2019
              </td>
              <td
                className="table__content-column"
              >
                 
                <button
                  className="table__btn"
                  onClick={[Function]}
                  title="Remove item"
                >
                  <FontAwesomeIcon
                    border={false}
                    className=""
                    fixedWidth={false}
                    flip={null}
                    icon={
                      Object {
                        "icon": Array [
                          352,
                          512,
                          Array [],
                          "f00d",
                          "M242.72 256l100.07-100.07c12.28-12.28 12.28-32.19 0-44.48l-22.24-22.24c-12.28-12.28-32.19-12.28-44.48 0L176 189.28 75.93 89.21c-12.28-12.28-32.19-12.28-44.48 0L9.21 111.45c-12.28 12.28-12.28 32.19 0 44.48L109.28 256 9.21 356.07c-12.28 12.28-12.28 32.19 0 44.48l22.24 22.24c12.28 12.28 32.2 12.28 44.48 0L176 322.72l100.07 100.07c12.28 12.28 32.2 12.28 44.48 0l22.24-22.24c12.28-12.28 12.28-32.19 0-44.48L242.72 256z",
                        ],
                        "iconName": "times",
                        "prefix": "fas",
                      }
                    }
                    inverse={false}
                    listItem={false}
                    mask={null}
                    pull={null}
                    pulse={false}
                    rotation={null}
                    size={null}
                    spin={false}
                    symbol={false}
                    title=""
                    transform={null}
                  >
                    <svg
                      aria-hidden="true"
                      className="svg-inline--fa fa-times fa-w-11 "
                      data-icon="times"
                      data-prefix="fas"
                      focusable="false"
                      role="img"
                      style={Object {}}
                      viewBox="0 0 352 512"
                      xmlns="http://www.w3.org/2000/svg"
                    >
                      <path
                        d="M242.72 256l100.07-100.07c12.28-12.28 12.28-32.19 0-44.48l-22.24-22.24c-12.28-12.28-32.19-12.28-44.48 0L176 189.28 75.93 89.21c-12.28-12.28-32.19-12.28-44.48 0L9.21 111.45c-12.28 12.28-12.28 32.19 0 44.48L109.28 256 9.21 356.07c-12.28 12.28-12.28 32.19 0 44.48l22.24 22.24c12.28 12.28 32.2 12.28 44.48 0L176 322.72l100.07 100.07c12.28 12.28 32.2 12.28 44.48 0l22.24-22.24c12.28-12.28 12.28-32.19 0-44.48L242.72 256z"
                        fill="currentColor"
                        style={Object {}}
                      />
                    </svg>
                  </FontAwesomeIcon>
                </button>
              </td>
            </tr>
          </WorkoutItem>
        </tbody>
      </table>
    </div>
    <h3>
      31:33
       hours of exercises
       
    </h3>
  </div>
</WorkoutsInfo>
`;
